components/Namuna9PrintFormat.tsx(275,186): error TS2339: Property 'toFixed' does not exist on type 'unknown'.
pages/Dashboard.tsx(16,23): error TS2307: Cannot find module '../components/UIProvider' or its corresponding type declarations.
pages/Ferfar.tsx(2,23): error TS2307: Cannot find module '../components/UIProvider' or its corresponding type declarations.
pages/PaymentEntry.tsx(3,23): error TS2307: Cannot find module '../components/UIProvider' or its corresponding type declarations.
